// Jest Snapshot v1, https://goo.gl/fbAQLP

exports[`renders correctly 1`] = `
<View
  style={
    Object {
      "backgroundColor": "#fff",
      "flex": 1,
      "height": 1334,
    }
  }
>
  <View>
    <RCTSafeAreaView
      emulateUnlessSupported={true}
      style={
        Object {
          "backgroundColor": "#fff",
        }
      }
    >
      <View
        noShadow={true}
        style={
          Array [
            Object {
              "backgroundColor": "transparent",
              "borderBottomColor": "transparent",
              "borderBottomWidth": 0.5,
              "elevation": 0,
              "flexDirection": "row",
              "height": 64,
              "justifyContent": "center",
              "left": 0,
              "paddingLeft": 6,
              "paddingRight": 10,
              "paddingTop": 18,
              "right": 0,
              "shadowColor": null,
              "shadowOffset": null,
              "shadowOpacity": null,
              "shadowRadius": null,
              "top": 0,
            },
            Object {
              "alignItems": "flex-start",
              "backgroundColor": "#fff",
              "justifyContent": "flex-start",
            },
          ]
        }
        transparent={true}
      >
        <View
          accessible={true}
          focusable={true}
          forwardedRef={[Function]}
          onClick={[Function]}
          onResponderGrant={[Function]}
          onResponderMove={[Function]}
          onResponderRelease={[Function]}
          onResponderTerminate={[Function]}
          onResponderTerminationRequest={[Function]}
          onStartShouldSetResponder={[Function]}
          style={
            Object {
              "alignItems": "center",
              "alignSelf": "center",
              "backgroundColor": "transparent",
              "borderBottomWidth": null,
              "borderColor": "#007aff",
              "borderLeftWidth": null,
              "borderRadius": 5,
              "borderRightWidth": null,
              "borderTopWidth": null,
              "borderWidth": undefined,
              "elevation": 0,
              "flexDirection": "row",
              "height": 45,
              "justifyContent": "center",
              "opacity": 1,
              "paddingBottom": 6,
              "paddingLeft": 6,
              "paddingRight": 6,
              "paddingTop": 6,
              "shadowColor": null,
              "shadowOffset": null,
              "shadowOpacity": null,
              "shadowRadius": null,
            }
          }
        >
          <Text
            allowFontScaling={false}
            style={
              Array [
                Object {
                  "color": undefined,
                  "fontSize": 12,
                },
                Array [
                  Object {
                    "color": "#000",
                    "fontSize": 30,
                  },
                  Object {
                    "color": "#007aff",
                    "fontSize": 24,
                    "marginLeft": 16,
                    "marginRight": 16,
                    "paddingTop": 2,
                  },
                  Object {
                    "color": "#000",
                  },
                ],
                Object {
                  "fontFamily": "anticon",
                  "fontStyle": "normal",
                  "fontWeight": "normal",
                },
                Object {},
              ]
            }
            type="AntDesign"
          >
            
          </Text>
        </View>
      </View>
    </RCTSafeAreaView>
  </View>
  <View
    style={
      Object {
        "flex": 1,
        "padding": 30,
        "position": "relative",
        "width": 750,
      }
    }
  >
    <RCTSafeAreaView
      emulateUnlessSupported={true}
      style={
        Object {
          "backgroundColor": "transparent",
          "flex": 1,
        }
      }
    >
      <RCTScrollView
        automaticallyAdjustContentInsets={false}
        contentContainerStyle={
          Array [
            Object {
              "padding": undefined,
            },
            undefined,
          ]
        }
        contentInset={
          Object {
            "bottom": 0,
          }
        }
        enableAutomaticScroll={true}
        enableOnAndroid={false}
        enableResetScrollToCoords={true}
        extraHeight={75}
        extraScrollHeight={0}
        getScrollResponder={[Function]}
        handleOnScroll={[Function]}
        keyboardDismissMode="interactive"
        keyboardOpeningTime={250}
        keyboardShouldPersistTaps="handled"
        keyboardSpace={0}
        onScroll={[Function]}
        resetKeyboardSpace={[Function]}
        resetScrollToCoords={
          Object {
            "x": 0,
            "y": 0,
          }
        }
        scrollEventThrottle={1}
        scrollForExtraHeightOnAndroid={[Function]}
        scrollIntoView={[Function]}
        scrollToEnd={[Function]}
        scrollToFocusedInput={[Function]}
        scrollToPosition={[Function]}
        showsVerticalScrollIndicator={true}
        style={
          Object {
            "backgroundColor": "transparent",
            "flex": 1,
          }
        }
        update={[Function]}
        viewIsInsideTabBar={false}
      >
        <View>
          <Text
            style={
              Array [
                Object {
                  "color": "#000",
                  "fontFamily": "System",
                  "fontSize": 16,
                },
                Object {
                  "fontFamily": "Heavitas",
                  "fontSize": 30,
                  "textAlign": "left",
                },
              ]
            }
            uppercase={false}
          >
            Nieuw goal aanmaken
          </Text>
          <View>
            <View
              style={
                Object {
                  "alignItems": "center",
                  "alignSelf": "stretch",
                  "backgroundColor": "#fff",
                  "borderRadius": 20,
                  "elevation": 5,
                  "justifyContent": "center",
                  "margin": 10,
                  "marginTop": 30,
                  "padding": 15,
                  "shadowColor": "#000",
                  "shadowOffset": Object {
                    "height": 2,
                    "width": 0,
                  },
                  "shadowOpacity": 0.25,
                  "shadowRadius": 3.84,
                }
              }
            >
              <Text
                style={
                  Array [
                    Object {
                      "color": "#000",
                      "fontFamily": "System",
                      "fontSize": 16,
                    },
                    Object {
                      "fontFamily": "Heavitas",
                      "fontSize": 18,
                      "textAlign": "left",
                    },
                  ]
                }
                uppercase={false}
              >
                Nieuw goal
              </Text>
              <View
                style={
                  Object {
                    "alignSelf": "stretch",
                    "padding": 10,
                  }
                }
              >
                <View
                  style={
                    Object {
                      "alignItems": "center",
                      "borderColor": "#000",
                      "borderRadius": 50,
                      "flexDirection": "row",
                      "paddingBottom": 10,
                      "paddingLeft": 10,
                      "paddingRight": 10,
                    }
                  }
                >
                  <Text
                    allowFontScaling={false}
                    style={
                      Array [
                        Object {
                          "color": "#000",
                          "fontSize": 12,
                        },
                        Array [
                          Object {
                            "color": "#000",
                            "fontSize": 30,
                          },
                          Object {
                            "color": "#000",
                            "fontSize": 30,
                          },
                          Object {
                            "marginRight": 30,
                          },
                        ],
                        Object {
                          "fontFamily": "FontAwesome",
                          "fontStyle": "normal",
                          "fontWeight": "normal",
                        },
                        Object {},
                      ]
                    }
                    type="FontAwesome"
                  >
                    
                  </Text>
                  <TextInput
                    allowFontScaling={true}
                    autoFocus={true}
                    keyboardType="numeric"
                    onChangeText={[Function]}
                    rejectResponderTermination={true}
                    style={
                      Object {
                        "flex": 1,
                        "fontFamily": "Heavitas",
                        "fontSize": 20,
                        "height": 50,
                      }
                    }
                    underlineColorAndroid="transparent"
                  />
                </View>
                <Text
                  style={
                    Array [
                      Object {
                        "color": "#000",
                        "fontFamily": "System",
                        "fontSize": 16,
                      },
                      Object {
                        "fontFamily": "Raleway",
                        "fontSize": 15,
                        "lineHeight": 25,
                        "textAlign": "left",
                      },
                    ]
                  }
                  uppercase={false}
                >
                  Goal titel:
                </Text>
                <TextInput
                  allowFontScaling={true}
                  onChangeText={[Function]}
                  rejectResponderTermination={true}
                  style={
                    Object {
                      "alignSelf": "stretch",
                      "borderColor": "#fb9f00",
                      "borderRadius": 50,
                      "borderWidth": 1,
                      "height": 40,
                      "marginBottom": 10,
                      "paddingLeft": 10,
                      "paddingRight": 10,
                    }
                  }
                  underlineColorAndroid="transparent"
                />
                <Text
                  style={
                    Array [
                      Object {
                        "color": "#000",
                        "fontFamily": "System",
                        "fontSize": 16,
                      },
                      Object {
                        "fontFamily": "Raleway",
                        "fontSize": 15,
                        "lineHeight": 25,
                        "textAlign": "left",
                      },
                    ]
                  }
                  uppercase={false}
                >
                  Goal beschrijving:
                </Text>
                <TextInput
                  allowFontScaling={true}
                  onChangeText={[Function]}
                  rejectResponderTermination={true}
                  style={
                    Object {
                      "alignSelf": "stretch",
                      "borderColor": "#fb9f00",
                      "borderRadius": 50,
                      "borderWidth": 1,
                      "height": 40,
                      "marginBottom": 10,
                      "paddingLeft": 10,
                      "paddingRight": 10,
                    }
                  }
                  underlineColorAndroid="transparent"
                />
              </View>
            </View>
            <View
              accessible={true}
              focusable={true}
              forwardedRef={[Function]}
              onClick={[Function]}
              onResponderGrant={[Function]}
              onResponderMove={[Function]}
              onResponderRelease={[Function]}
              onResponderTerminate={[Function]}
              onResponderTerminationRequest={[Function]}
              onStartShouldSetResponder={[Function]}
              style={
                Object {
                  "alignItems": "center",
                  "alignSelf": "stretch",
                  "backgroundColor": "#fb9f00",
                  "borderBottomWidth": null,
                  "borderColor": false,
                  "borderLeftWidth": null,
                  "borderRadius": 57,
                  "borderRightWidth": null,
                  "borderTopWidth": null,
                  "borderWidth": undefined,
                  "elevation": 5,
                  "flexDirection": "row",
                  "height": 45,
                  "justifyContent": "center",
                  "margin": 10,
                  "marginBottom": 5,
                  "opacity": 1,
                  "paddingBottom": 6,
                  "paddingTop": 6,
                  "shadowColor": "#000",
                  "shadowOffset": Object {
                    "height": 2,
                    "width": 0,
                  },
                  "shadowOpacity": 0.25,
                  "shadowRadius": 3.84,
                }
              }
            >
              <Text
                style={
                  Array [
                    Object {
                      "backgroundColor": "transparent",
                      "color": "#fff",
                      "fontFamily": "System",
                      "fontSize": 16.5,
                      "marginLeft": 0,
                      "marginRight": 0,
                      "paddingLeft": 16,
                      "paddingRight": 16,
                    },
                    Object {
                      "color": "#fff",
                      "fontFamily": "Heavitas",
                      "fontSize": 14,
                    },
                  ]
                }
                uppercase={false}
              >
                Goal opslaan
              </Text>
            </View>
          </View>
        </View>
      </RCTScrollView>
    </RCTSafeAreaView>
  </View>
</View>
`;
