// Jest Snapshot v1, https://goo.gl/fbAQLP

exports[`renders correctly 1`] = `
<View
  style={
    Array [
      Object {
        "backgroundColor": "#fff",
        "flex": 1,
        "height": 1334,
      },
      Object {
        "backgroundColor": "#0d2036",
      },
    ]
  }
  testID="ROUTES_SCREEN"
>
  <View
    style={
      Object {
        "backgroundColor": "#f7fbff",
        "bottom": 0,
        "elevation": 0,
        "flex": 1,
        "left": 0,
        "position": "absolute",
        "right": 0,
        "top": 100,
        "zIndex": -5,
      }
    }
    testID="ANIMATED_VIEW"
  />
  <View
    collapsable={false}
    nativeID="animatedComponent"
    noShadow={true}
    style={
      Object {
        "backgroundColor": "#0d2036",
        "flexDirection": "column",
        "height": 200,
        "left": 0,
        "position": "absolute",
        "right": 0,
        "top": 0,
        "transform": Array [
          Object {
            "translateY": 0,
          },
        ],
      }
    }
    transparent={true}
  />
  <RCTSafeAreaView
    emulateUnlessSupported={true}
    style={
      Object {
        "backgroundColor": "transparent",
        "flex": 1,
      }
    }
  >
    <RCTScrollView
      automaticallyAdjustContentInsets={false}
      contentContainerStyle={
        Array [
          Object {
            "padding": undefined,
          },
          Object {
            "paddingBottom": 75,
            "position": "absolute",
            "top": 25,
          },
        ]
      }
      contentInset={
        Object {
          "bottom": 0,
        }
      }
      enableAutomaticScroll={true}
      enableOnAndroid={false}
      enableResetScrollToCoords={true}
      extraHeight={75}
      extraScrollHeight={0}
      getScrollResponder={[Function]}
      handleOnScroll={[Function]}
      keyboardDismissMode="interactive"
      keyboardOpeningTime={250}
      keyboardShouldPersistTaps="handled"
      keyboardSpace={0}
      onScroll={[Function]}
      refreshControl={
        <RefreshControlMock
          onRefresh={[Function]}
          refreshing={false}
          style={
            Object {
              "backgroundColor": "#0d2036",
            }
          }
          tintColor="#fb9f00"
        />
      }
      resetKeyboardSpace={[Function]}
      resetScrollToCoords={
        Object {
          "x": 0,
          "y": 0,
        }
      }
      scrollEventThrottle={16}
      scrollForExtraHeightOnAndroid={[Function]}
      scrollIntoView={[Function]}
      scrollToEnd={[Function]}
      scrollToFocusedInput={[Function]}
      scrollToPosition={[Function]}
      showsVerticalScrollIndicator={true}
      style={
        Object {
          "backgroundColor": "transparent",
          "flex": 1,
        }
      }
      update={[Function]}
      viewIsInsideTabBar={false}
    >
      <RCTRefreshControl />
      <View>
        <View
          style={
            Object {
              "flex": 1,
              "padding": 25,
              "position": "relative",
              "width": 750,
            }
          }
        >
          <View
            forwardedRef={[Function]}
            style={
              Object {
                "opacity": 0,
              }
            }
          >
            <View
              onLayout={[Function]}
            >
              <View
                style={
                  Object {
                    "position": "relative",
                  }
                }
              >
                <View
                  style={
                    Array [
                      Object {
                        "borderRadius": 4,
                        "height": 30,
                        "marginVertical": 10,
                        "width": "90%",
                      },
                      Object {
                        "backgroundColor": "#E1E9EE",
                        "overflow": "hidden",
                      },
                    ]
                  }
                />
              </View>
              <View
                style={
                  Array [
                    Object {
                      "alignSelf": "stretch",
                      "backgroundColor": "#fff",
                      "borderRadius": 5,
                      "marginVertical": 10,
                    },
                    Object {
                      "elevation": 5,
                      "shadowColor": "#000",
                      "shadowOffset": Object {
                        "height": 2,
                        "width": 0,
                      },
                      "shadowOpacity": 0.25,
                      "shadowRadius": 3.84,
                    },
                  ]
                }
              >
                <View>
                  <View
                    style={
                      Object {
                        "position": "relative",
                      }
                    }
                  >
                    <View
                      style={
                        Array [
                          Object {
                            "height": 125,
                            "width": "100%",
                          },
                          Object {
                            "backgroundColor": "#E1E9EE",
                            "overflow": "hidden",
                          },
                        ]
                      }
                    />
                  </View>
                  <View
                    style={
                      Object {
                        "marginTop": 10,
                        "padding": 20,
                      }
                    }
                  >
                    <View
                      style={
                        Object {
                          "position": "relative",
                        }
                      }
                    >
                      <View
                        style={
                          Array [
                            Object {
                              "borderRadius": 4,
                              "height": 20,
                              "width": "90%",
                            },
                            Object {
                              "backgroundColor": "#E1E9EE",
                              "overflow": "hidden",
                            },
                          ]
                        }
                      />
                    </View>
                    <View
                      style={
                        Object {
                          "position": "relative",
                        }
                      }
                    >
                      <View
                        style={
                          Array [
                            Object {
                              "borderRadius": 4,
                              "height": 20,
                              "marginTop": 6,
                              "width": "80%",
                            },
                            Object {
                              "backgroundColor": "#E1E9EE",
                              "overflow": "hidden",
                            },
                          ]
                        }
                      />
                    </View>
                    <View
                      style={
                        Object {
                          "position": "relative",
                        }
                      }
                    >
                      <View
                        style={
                          Array [
                            Object {
                              "borderRadius": 4,
                              "height": 20,
                              "marginTop": 6,
                              "width": 80,
                            },
                            Object {
                              "backgroundColor": "#E1E9EE",
                              "overflow": "hidden",
                            },
                          ]
                        }
                      />
                    </View>
                    <View
                      style={
                        Object {
                          "position": "relative",
                        }
                      }
                    >
                      <View
                        style={
                          Array [
                            Object {
                              "alignSelf": "flex-end",
                              "borderRadius": 4,
                              "height": 10,
                              "marginTop": 6,
                              "width": 50,
                            },
                            Object {
                              "backgroundColor": "#E1E9EE",
                              "overflow": "hidden",
                            },
                          ]
                        }
                      />
                    </View>
                  </View>
                </View>
              </View>
            </View>
            <View
              onLayout={[Function]}
            >
              <View
                style={
                  Object {
                    "position": "relative",
                  }
                }
              >
                <View
                  style={
                    Array [
                      Object {
                        "borderRadius": 4,
                        "height": 30,
                        "marginVertical": 10,
                        "width": "90%",
                      },
                      Object {
                        "backgroundColor": "#E1E9EE",
                        "overflow": "hidden",
                      },
                    ]
                  }
                />
              </View>
              <View
                style={
                  Array [
                    Object {
                      "alignSelf": "stretch",
                      "backgroundColor": "#fff",
                      "borderRadius": 5,
                      "marginVertical": 10,
                    },
                    Object {
                      "elevation": 5,
                      "shadowColor": "#000",
                      "shadowOffset": Object {
                        "height": 2,
                        "width": 0,
                      },
                      "shadowOpacity": 0.25,
                      "shadowRadius": 3.84,
                    },
                  ]
                }
              >
                <View>
                  <View
                    style={
                      Object {
                        "position": "relative",
                      }
                    }
                  >
                    <View
                      style={
                        Array [
                          Object {
                            "height": 125,
                            "width": "100%",
                          },
                          Object {
                            "backgroundColor": "#E1E9EE",
                            "overflow": "hidden",
                          },
                        ]
                      }
                    />
                  </View>
                  <View
                    style={
                      Object {
                        "marginTop": 10,
                        "padding": 20,
                      }
                    }
                  >
                    <View
                      style={
                        Object {
                          "position": "relative",
                        }
                      }
                    >
                      <View
                        style={
                          Array [
                            Object {
                              "borderRadius": 4,
                              "height": 20,
                              "width": "90%",
                            },
                            Object {
                              "backgroundColor": "#E1E9EE",
                              "overflow": "hidden",
                            },
                          ]
                        }
                      />
                    </View>
                    <View
                      style={
                        Object {
                          "position": "relative",
                        }
                      }
                    >
                      <View
                        style={
                          Array [
                            Object {
                              "borderRadius": 4,
                              "height": 20,
                              "marginTop": 6,
                              "width": "80%",
                            },
                            Object {
                              "backgroundColor": "#E1E9EE",
                              "overflow": "hidden",
                            },
                          ]
                        }
                      />
                    </View>
                    <View
                      style={
                        Object {
                          "position": "relative",
                        }
                      }
                    >
                      <View
                        style={
                          Array [
                            Object {
                              "borderRadius": 4,
                              "height": 20,
                              "marginTop": 6,
                              "width": 80,
                            },
                            Object {
                              "backgroundColor": "#E1E9EE",
                              "overflow": "hidden",
                            },
                          ]
                        }
                      />
                    </View>
                    <View
                      style={
                        Object {
                          "position": "relative",
                        }
                      }
                    >
                      <View
                        style={
                          Array [
                            Object {
                              "alignSelf": "flex-end",
                              "borderRadius": 4,
                              "height": 10,
                              "marginTop": 6,
                              "width": 50,
                            },
                            Object {
                              "backgroundColor": "#E1E9EE",
                              "overflow": "hidden",
                            },
                          ]
                        }
                      />
                    </View>
                  </View>
                </View>
              </View>
            </View>
          </View>
        </View>
      </View>
    </RCTScrollView>
  </RCTSafeAreaView>
</View>
`;
