// Jest Snapshot v1, https://goo.gl/fbAQLP

exports[`renders correctly 1`] = `
<View
  style={
    Array [
      Object {
        "backgroundColor": "#fff",
        "flex": 1,
      },
      undefined,
    ]
  }
>
  <RCTSafeAreaView
    style={
      Array [
        Object {
          "flex": 0,
        },
        Object {
          "backgroundColor": "#fff",
        },
      ]
    }
  />
  <View
    style={
      Object {
        "alignItems": "center",
        "backgroundColor": "#0d2036",
        "flexDirection": "row",
        "justifyContent": "center",
        "minHeight": 56,
        "position": "relative",
      }
    }
  >
    <View
      style={
        Object {
          "left": 5,
          "position": "absolute",
        }
      }
    >
      <View
        accessible={true}
        collapsable={false}
        focusable={true}
        onClick={[Function]}
        onResponderGrant={[Function]}
        onResponderMove={[Function]}
        onResponderRelease={[Function]}
        onResponderTerminate={[Function]}
        onResponderTerminationRequest={[Function]}
        onStartShouldSetResponder={[Function]}
        style={
          Object {
            "opacity": 1,
          }
        }
        testID="HEADER_BACK_BUTTON"
      >
        <RNSVGSvgView
          bbHeight={24}
          bbWidth={24}
          fill="none"
          focusable={false}
          height={24}
          style={
            Array [
              Object {
                "backgroundColor": "transparent",
                "borderWidth": 0,
              },
              Object {
                "flex": 0,
                "height": 24,
                "width": 24,
              },
            ]
          }
          width={24}
          xmlns="http://www.w3.org/2000/svg"
        >
          <RNSVGGroup
            fill={null}
            propList={
              Array [
                "fill",
              ]
            }
          >
            <RNSVGPath
              clipRule={0}
              d="M19.7 11H7.5l5.6-5.6L11.7 4l-8 8 8 8 1.4-1.4L7.5 13h12.2v-2Z"
              fill={4294967295}
              fillRule={0}
              propList={
                Array [
                  "fill",
                  "fillRule",
                ]
              }
            />
          </RNSVGGroup>
        </RNSVGSvgView>
      </View>
    </View>
    <Text
      ellipsizeMode="tail"
      numberOfLines={0}
      selectable={false}
      style={
        Array [
          Object {
            "color": "#000",
            "fontFamily": "Heavitas",
          },
          Object {
            "fontSize": 26,
          },
          Object {
            "textAlign": "left",
          },
          Object {
            "color": "#fff",
            "marginTop": 5,
          },
        ]
      }
    />
  </View>
  <RCTScrollView
    contentContainerStyle={
      Object {
        "alignItems": "center",
        "backgroundColor": "#fff",
        "width": "100%",
      }
    }
  >
    <View>
      <View
        style={
          Object {
            "flex": 1,
            "padding": 25,
            "position": "relative",
            "width": 750,
          }
        }
      >
        <Text
          ellipsizeMode="tail"
          numberOfLines={0}
          selectable={false}
          style={
            Array [
              Object {
                "color": "#000",
                "fontFamily": "Heavitas",
              },
              Object {
                "fontSize": 44,
              },
              Object {
                "textAlign": "left",
              },
              Object {},
            ]
          }
        >
          A title
        </Text>
        <View
          style={
            Array [
              Object {},
              undefined,
              undefined,
            ]
          }
          testID="html"
        >
          <View
            style={
              Array [
                Object {},
                undefined,
                undefined,
              ]
            }
            testID="body"
          >
            <Text
              allowFontScaling={true}
              selectable={false}
              style={
                Array [
                  Object {
                    "fontFamily": "Raleway-Regular",
                    "fontSize": 27,
                    "lineHeight": 46,
                  },
                  undefined,
                  undefined,
                ]
              }
            >
              a description
            </Text>
          </View>
        </View>
      </View>
    </View>
  </RCTScrollView>
  <View
    style={
      Object {
        "alignItems": "center",
        "flexDirection": "row",
        "justifyContent": "space-between",
        "marginBottom": 20,
        "marginTop": 20,
        "paddingHorizontal": 40,
      }
    }
  >
    <View
      accessibilityState={
        Object {
          "disabled": false,
        }
      }
      accessible={true}
      collapsable={false}
      focusable={true}
      onClick={[Function]}
      onResponderGrant={[Function]}
      onResponderMove={[Function]}
      onResponderRelease={[Function]}
      onResponderTerminate={[Function]}
      onResponderTerminationRequest={[Function]}
      onStartShouldSetResponder={[Function]}
      style={
        Object {
          "backgroundColor": "#b9b9b9",
          "borderRadius": 5,
          "flex": 1,
          "flexDirection": "row",
          "justifyContent": "center",
          "marginRight": 10,
          "opacity": 1,
          "padding": 10,
        }
      }
      testID=""
    >
      <View
        style={
          Object {
            "alignItems": "center",
            "flexDirection": "row",
          }
        }
      >
        <Text
          style={
            Array [
              Object {
                "alignItems": "center",
                "color": "#fff",
                "fontFamily": "Heavitas",
                "fontSize": 26,
              },
              Object {},
            ]
          }
        >
          Hulp nodig?
        </Text>
      </View>
    </View>
    <View
      accessibilityState={
        Object {
          "disabled": false,
        }
      }
      accessible={true}
      collapsable={false}
      focusable={true}
      onClick={[Function]}
      onResponderGrant={[Function]}
      onResponderMove={[Function]}
      onResponderRelease={[Function]}
      onResponderTerminate={[Function]}
      onResponderTerminationRequest={[Function]}
      onStartShouldSetResponder={[Function]}
      style={
        Object {
          "backgroundColor": "#fb9f00",
          "borderRadius": 5,
          "flexDirection": "row",
          "justifyContent": "center",
          "opacity": 1,
          "padding": 10,
        }
      }
      testID=""
    >
      <View
        style={
          Object {
            "alignItems": "center",
            "flexDirection": "row",
          }
        }
      >
        <Text
          style={
            Array [
              Object {
                "alignItems": "center",
                "color": "#fff",
                "fontFamily": "Heavitas",
                "fontSize": 26,
              },
              Object {},
            ]
          }
        >
          Gelukt!
        </Text>
      </View>
    </View>
  </View>
  <Modal
    animationType="slide"
    hardwareAccelerated={false}
    onRequestClose={[Function]}
    statusBarTranslucent={true}
    transparent={true}
    visible={false}
  />
</View>
`;
