// Jest Snapshot v1, https://goo.gl/fbAQLP

exports[`renders correctly 1`] = `
<View
  style={
    Array [
      Object {
        "backgroundColor": "#fff",
        "flex": 1,
      },
      undefined,
    ]
  }
>
  <RCTSafeAreaView
    emulateUnlessSupported={true}
    style={
      Array [
        Object {
          "flex": 0,
        },
        Object {
          "backgroundColor": "#fff",
        },
      ]
    }
  />
  <View>
    <View
      style={
        Object {
          "alignItems": "center",
          "justifyContent": "center",
          "marginHorizontal": 10,
          "marginTop": 15,
        }
      }
    >
      <View
        style={
          Object {
            "left": 5,
            "position": "absolute",
          }
        }
      >
        <View
          accessible={true}
          collapsable={false}
          focusable={true}
          nativeID="animatedComponent"
          onClick={[Function]}
          onResponderGrant={[Function]}
          onResponderMove={[Function]}
          onResponderRelease={[Function]}
          onResponderTerminate={[Function]}
          onResponderTerminationRequest={[Function]}
          onStartShouldSetResponder={[Function]}
          style={
            Object {
              "opacity": 1,
            }
          }
          testID="HEADER_BACK_BUTTON"
        >
          <RNSVGSvgView
            bbHeight={24}
            bbWidth={24}
            fill="none"
            focusable={false}
            height={24}
            style={
              Array [
                Object {
                  "backgroundColor": "transparent",
                  "borderWidth": 0,
                },
                Object {
                  "flex": 0,
                  "height": 24,
                  "width": 24,
                },
              ]
            }
            width={24}
            xmlns="http://www.w3.org/2000/svg"
          >
            <RNSVGGroup
              fill={null}
              propList={
                Array [
                  "fill",
                ]
              }
            >
              <RNSVGPath
                clipRule={0}
                d="M19.7 11H7.5l5.6-5.6L11.7 4l-8 8 8 8 1.4-1.4L7.5 13h12.2v-2Z"
                fill={4278190080}
                fillRule={0}
                propList={
                  Array [
                    "fill",
                    "fillRule",
                  ]
                }
              />
            </RNSVGGroup>
          </RNSVGSvgView>
        </View>
      </View>
      <Text
        ellipsizeMode="tail"
        numberOfLines={0}
        selectable={false}
        style={
          Array [
            Object {
              "color": "#000",
              "fontFamily": "Heavitas",
            },
            Object {
              "fontSize": 26,
            },
            Object {
              "textAlign": "center",
            },
            Array [
              Object {
                "color": "#fb9f00",
              },
              false,
            ],
          ]
        }
      >
        Tips
      </Text>
      <View
        style={
          Object {
            "position": "absolute",
            "right": 5,
          }
        }
      />
    </View>
  </View>
  <View
    style={
      Object {
        "flex": 1,
        "padding": 25,
        "position": "relative",
        "width": 750,
      }
    }
  >
    <RCTScrollView
      contentContainerStyle={
        Object {
          "alignItems": "center",
          "margin": 10,
        }
      }
    >
      <View />
    </RCTScrollView>
  </View>
</View>
`;
